// Jest Snapshot v1, https://goo.gl/fbAQLP

exports[`Hpme Page component render() should render the component 1`] = `
<Connect(HomePage)
  handleChange={[Function]}
  handleItemClick={[Function]}
  history={Object {}}
  logoutClick={[Function]}
  visible={false}
/>
`;
