// Jest Snapshot v1, https://goo.gl/fbAQLP

exports[`Login Page component render() should render the component 1`] = `
<Connect(LoginPage)
  dispatch={[Function]}
  handleChange={[Function]}
  handleSubmit={[Function]}
  loggingIn={false}
/>
`;
